============================= test session starts =============================
platform win32 -- Python 3.10.6, pytest-9.0.2, pluggy-1.6.0 -- C:\Users\Emir\AppData\Local\Programs\Python\Python310\python.exe
cachedir: .pytest_cache
rootdir: C:\Users\Emir\devpath\PathoLens
configfile: pyproject.toml
plugins: anyio-4.12.1, cov-7.0.0
collecting ... collected 90 items

tests/test_config.py::TestConfigLoading::test_load_default PASSED        [  1%]
tests/test_config.py::TestConfigLoading::test_dot_access PASSED          [  2%]
tests/test_config.py::TestConfigLoading::test_load_with_override PASSED  [  3%]
tests/test_config.py::TestConfigLoading::test_default_config_path_exists PASSED [  4%]
tests/test_config.py::TestConfigFromDict::test_from_dict PASSED          [  5%]
tests/test_config.py::TestConfigFromDict::test_to_dict_roundtrip PASSED  [  6%]
tests/test_config.py::TestConfigFromDict::test_contains PASSED           [  7%]
tests/test_config.py::TestConfigFromDict::test_get_with_default PASSED   [  8%]
tests/test_config.py::TestEnvOverrides::test_env_override_device PASSED  [ 10%]
tests/test_config.py::TestEnvOverrides::test_cast_value_bool PASSED      [ 11%]
tests/test_config.py::TestEnvOverrides::test_cast_value_int PASSED       [ 12%]
tests/test_config.py::TestEnvOverrides::test_cast_value_float PASSED     [ 13%]
tests/test_config.py::TestEnvOverrides::test_cast_value_string PASSED    [ 14%]
tests/test_preprocessing.py::TestTissueSegmentor::test_segmentor_on_pink_tissue PASSED [ 15%]
tests/test_preprocessing.py::TestTissueSegmentor::test_segmentor_numpy_input PASSED [ 16%]
tests/test_preprocessing.py::TestTissueSegmentor::test_segmentor_all_background PASSED [ 17%]
tests/test_preprocessing.py::TestTissueSegmentor::test_segmentor_thumbnail_size PASSED [ 18%]
tests/test_preprocessing.py::TestTissueSegmentor::test_segmentor_mask_binary PASSED [ 20%]
tests/test_preprocessing.py::TestPatchExtractor::test_produces_coordinates PASSED [ 21%]
tests/test_preprocessing.py::TestPatchExtractor::test_produces_patches_on_tissue PASSED [ 22%]
tests/test_preprocessing.py::TestPatchExtractor::test_empty_mask_no_patches PASSED [ 23%]
tests/test_preprocessing.py::TestPatchExtractor::test_extraction_result_level PASSED [ 24%]
tests/test_preprocessing.py::TestPatchExtractor::test_extraction_result_dataclass PASSED [ 25%]
tests/test_embedding.py::TestEmbeddingStore::test_save_and_load PASSED   [ 26%]
tests/test_embedding.py::TestEmbeddingStore::test_exists PASSED          [ 27%]
tests/test_embedding.py::TestEmbeddingStore::test_list_slides PASSED     [ 28%]
tests/test_embedding.py::TestEmbeddingStore::test_load_with_coordinates PASSED [ 30%]
tests/test_embedding.py::TestEmbeddingStore::test_load_nonexistent_raises PASSED [ 31%]
tests/test_embedding.py::TestEmbeddingStore::test_creates_directory PASSED [ 32%]
tests/test_sequence_model.py::TestMambaEncoder::test_output_shape PASSED [ 33%]
tests/test_sequence_model.py::TestMambaEncoder::test_batch_dimension PASSED [ 34%]
tests/test_sequence_model.py::TestMambaEncoder::test_single_layer PASSED [ 35%]
tests/test_sequence_model.py::TestMambaEncoder::test_gradient_flow PASSED [ 36%]
tests/test_sequence_model.py::TestMambaBlock::test_residual_connection PASSED [ 37%]
tests/test_sequence_model.py::TestMambaBlock::test_output_shape PASSED   [ 38%]
tests/test_sequence_model.py::TestRegionAggregator::test_exact_division PASSED [ 40%]
tests/test_sequence_model.py::TestRegionAggregator::test_padding_for_non_divisible PASSED [ 41%]
tests/test_sequence_model.py::TestRegionAggregator::test_single_region PASSED [ 42%]
tests/test_sequence_model.py::TestRegionAggregator::test_small_region_size PASSED [ 43%]
tests/test_sequence_model.py::TestSlideEncoder::test_output_types PASSED [ 44%]
tests/test_sequence_model.py::TestSlideEncoder::test_with_classifier PASSED [ 45%]
tests/test_sequence_model.py::TestSlideEncoder::test_region_representations PASSED [ 46%]
tests/test_sequence_model.py::TestSlideEncoder::test_gradient_flow PASSED [ 47%]
tests/test_explainability.py::TestGatedAttentionMIL::test_output_shapes PASSED [ 48%]
tests/test_explainability.py::TestGatedAttentionMIL::test_attention_sums_to_one PASSED [ 50%]
tests/test_explainability.py::TestGatedAttentionMIL::test_single_class PASSED [ 51%]
tests/test_explainability.py::TestGatedAttentionMIL::test_gradient_flow PASSED [ 52%]
tests/test_explainability.py::TestEntityConditionedAttention::test_output_shape PASSED [ 53%]
tests/test_explainability.py::TestEntityConditionedAttention::test_attention_sums_to_one PASSED [ 54%]
tests/test_explainability.py::TestHeatmapGenerator::test_output_types PASSED [ 55%]
tests/test_explainability.py::TestHeatmapGenerator::test_with_thumbnail_overlay PASSED [ 56%]
tests/test_explainability.py::TestHeatmapGenerator::test_save_file PASSED [ 57%]
tests/test_explainability.py::TestHeatmapGenerator::test_raw_heatmap_normalised PASSED [ 58%]
tests/test_explainability.py::TestEntityRegionMapper::test_map_produces_evidence PASSED [ 60%]
tests/test_explainability.py::TestEntityRegionMapper::test_evidence_regions_have_bbox PASSED [ 61%]
tests/test_explainability.py::TestEntityRegionMapper::test_empty_entities PASSED [ 62%]
tests/test_explainability.py::TestEntityRegionMapper::test_top_k_limits_regions PASSED [ 63%]
tests/test_report_generation.py::TestFHIRReportBuilder::test_basic_report PASSED [ 64%]
tests/test_report_generation.py::TestFHIRReportBuilder::test_required_fields PASSED [ 65%]
tests/test_report_generation.py::TestFHIRReportBuilder::test_status_final_high_confidence PASSED [ 66%]
tests/test_report_generation.py::TestFHIRReportBuilder::test_status_preliminary_low_confidence PASSED [ 67%]
tests/test_report_generation.py::TestFHIRReportBuilder::test_observations_count PASSED [ 68%]
tests/test_report_generation.py::TestFHIRReportBuilder::test_conclusion_text PASSED [ 70%]
tests/test_report_generation.py::TestFHIRReportBuilder::test_heatmap_media_reference PASSED [ 71%]
tests/test_report_generation.py::TestFHIRReportBuilder::test_to_json PASSED [ 72%]
tests/test_report_generation.py::TestFHIRReportBuilder::test_empty_diagnosis PASSED [ 73%]
tests/test_report_generation.py::TestFHIRReportBuilder::test_extensions_present PASSED [ 74%]
tests/test_report_generation.py::TestEvidenceLinker::test_link_produces_report PASSED [ 75%]
tests/test_report_generation.py::TestEvidenceLinker::test_all_entities_linked PASSED [ 76%]
tests/test_report_generation.py::TestEvidenceLinker::test_empty_diagnosis PASSED [ 77%]
tests/test_report_generation.py::TestEvidenceLinker::test_linked_evidence_has_sources PASSED [ 78%]
tests/test_entity_extraction.py::TestEntitySchema::test_entity_to_dict PASSED [ 80%]
tests/test_entity_extraction.py::TestEntitySchema::test_diagnosis_overall_confidence PASSED [ 81%]
tests/test_entity_extraction.py::TestEntitySchema::test_diagnosis_empty PASSED [ 82%]
tests/test_entity_extraction.py::TestEntitySchema::test_all_entities PASSED [ 83%]
tests/test_entity_extraction.py::TestEntitySchema::test_evidence_coverage PASSED [ 84%]
tests/test_entity_extraction.py::TestEntitySchema::test_to_dict PASSED   [ 85%]
tests/test_entity_extraction.py::TestKARGEntityExtractor::test_extract_single_report PASSED [ 86%]
tests/test_entity_extraction.py::TestKARGEntityExtractor::test_majority_vote_merge PASSED [ 87%]
tests/test_entity_extraction.py::TestKARGEntityExtractor::test_empty_reports PASSED [ 88%]
tests/test_entity_extraction.py::TestKARGEntityExtractor::test_json_extraction_from_markdown PASSED [ 90%]
tests/test_entity_extraction.py::TestKARGEntityExtractor::test_json_extraction_bare PASSED [ 91%]
tests/test_entity_extraction.py::TestKARGEntityExtractor::test_json_fix_trailing_comma PASSED [ 92%]
tests/test_entity_extraction.py::TestKARGEntityExtractor::test_extraction_failure_graceful PASSED [ 93%]
tests/test_entity_extraction.py::TestEntityValidator::test_valid_entities PASSED [ 94%]
tests/test_entity_extraction.py::TestEntityValidator::test_unknown_tumor_type PASSED [ 95%]
tests/test_entity_extraction.py::TestEntityValidator::test_consistency_check_benign_advanced PASSED [ 96%]
tests/test_entity_extraction.py::TestEntityValidator::test_low_confidence_warning PASSED [ 97%]
tests/test_entity_extraction.py::TestEntityValidator::test_empty_diagnosis PASSED [ 98%]
tests/test_entity_extraction.py::TestEntityValidator::test_invalid_receptor_value PASSED [100%]

============================= 90 passed in 3.53s ==============================
